127.0.0.0 TEST
127.0.0.= TEST
